"f1CiW4VkXGVauUtq4GUt5wCcYR3XJZy8P8rnQ+4Hs2LgZhBPhkA5eoshcT4f5YeXvI7Ai4N3piJoukyUBTFeDg=="